// Jest Snapshot v1, https://goo.gl/fbAQLP

exports[`<SearchResult /> should match snapshot 1`] = `
<p>
  Foi encontrado 
  101
   resultados
</p>
`;
